<?xml version="1.0" encoding="utf-8"?>
<TestRun id="6a6d8816-6e0a-40be-ac6a-247533f678e0" name="George Marcone@NOTEBOOK-GEO25 2026-10-09 14:58:59" runUser="NOTEBOOK-GEO25\George Marcone" xmlns="http://microsoft.com/schemas/VisualStudio/TeamTest/2010">
  <Times creation="2026-10-09T14:58:59.1018383-03:00" queuing="2026-10-09T14:58:59.1018393-03:00" start="2026-10-09T14:58:54.9670137-03:00" finish="2026-10-09T14:59:46.7902242-03:00" />
  <TestSettings name="default" id="4dfeef4b-a4a4-4676-b040-c4676587eabf">
    <Deployment runDeploymentRoot="George_Marcone_NOTEBOOK-GEO25_2026-10-09_14_58_59" />
  </TestSettings>
  <Results>
    <UnitTestResult executionId="40511295-3b5e-417b-949f-d4f558f18ade" testId="d65d669c-f3f5-210d-4f32-884fa8c54fed" testName="HemodinksAPI.Tests.AuthenticationRateLimitingEndpointTests.AccountLimit_DoesNotBlockAnotherAccountOnSameIp_AndHasStableContract" computerName="NOTEBOOK-GEO25" duration="00:00:05.6935947" startTime="2026-10-09T14:59:26.2104596-03:00" endTime="2026-10-09T14:59:31.9041756-03:00" testType="13cdc9d9-ddb5-4fa4-a97d-d965ccfc6d4b" outcome="Passed" testListId="8c84fa94-04c1-424b-9868-57a2d4851a1d" relativeResultsDirectory="40511295-3b5e-417b-949f-d4f558f18ade" />
    <UnitTestResult executionId="7354743b-f094-4850-b907-0fdd538a0442" testId="ae1a9ba7-f07e-78f3-3bd3-0eb1764ae0e1" testName="HemodinksAPI.Tests.RateLimitingConfigurationTests.Configuration_RejectsInvalidLimits(limit: 100001)" computerName="NOTEBOOK-GEO25" duration="00:00:00.0000334" startTime="2026-10-09T14:58:57.5996641-03:00" endTime="2026-10-09T14:58:57.5997320-03:00" testType="13cdc9d9-ddb5-4fa4-a97d-d965ccfc6d4b" outcome="Passed" testListId="8c84fa94-04c1-424b-9868-57a2d4851a1d" relativeResultsDirectory="7354743b-f094-4850-b907-0fdd538a0442" />
    <UnitTestResult executionId="489af439-3aa6-4e95-86e1-662eae29ee74" testId="c6e90089-05c3-fd0d-8ef9-ad7975a6c361" testName="HemodinksAPI.Tests.RateLimitingConfigurationTests.SubjectKey_NormalizesEmailWithoutExposingIt(first: &quot;a@example.invalid&quot;, second: &quot;A@example.invalid&quot;)" computerName="NOTEBOOK-GEO25" duration="00:00:00.0007540" startTime="2026-10-09T14:58:57.6687088-03:00" endTime="2026-10-09T14:58:57.6696310-03:00" testType="13cdc9d9-ddb5-4fa4-a97d-d965ccfc6d4b" outcome="Passed" testListId="8c84fa94-04c1-424b-9868-57a2d4851a1d" relativeResultsDirectory="489af439-3aa6-4e95-86e1-662eae29ee74" />
    <UnitTestResult executionId="199d18f0-817b-43c7-ac90-0e52a43ea5a4" testId="3cd98ff5-dd8e-ff59-f671-755c93905eb5" testName="HemodinksAPI.Tests.AuthenticationRateLimitingEndpointTests.IndividualAndDiscovery_ShareSubjectBudget" computerName="NOTEBOOK-GEO25" duration="00:00:03.9501606" startTime="2026-10-09T14:59:38.3475760-03:00" endTime="2026-10-09T14:59:42.2990270-03:00" testType="13cdc9d9-ddb5-4fa4-a97d-d965ccfc6d4b" outcome="Passed" testListId="8c84fa94-04c1-424b-9868-57a2d4851a1d" relativeResultsDirectory="199d18f0-817b-43c7-ac90-0e52a43ea5a4" />
    <UnitTestResult executionId="09d2d7f2-16d3-47f6-b386-8f0e376c9663" testId="bb4f24bb-5b69-b0b9-1ff4-f9f24b79bee2" testName="HemodinksAPI.Tests.AuthenticationRateLimitingEndpointTests.MultipleLegitimateIndividualAndTeamAccounts_CanLoginOnSameIp" computerName="NOTEBOOK-GEO25" duration="00:00:09.4598444" startTime="2026-10-09T14:59:12.4369401-03:00" endTime="2026-10-09T14:59:21.8969110-03:00" testType="13cdc9d9-ddb5-4fa4-a97d-d965ccfc6d4b" outcome="Passed" testListId="8c84fa94-04c1-424b-9868-57a2d4851a1d" relativeResultsDirectory="09d2d7f2-16d3-47f6-b386-8f0e376c9663" />
    <UnitTestResult executionId="bf7d7eb4-de78-4c9a-a5bb-a18ff739479c" testId="7a1d6ae5-b7aa-c966-2004-6ae3ebff7a6c" testName="HemodinksAPI.Tests.AuthenticationRateLimitingEndpointTests.OriginBudget_RejectsSpoofedForwardedHeaders(trustedProxy: False)" computerName="NOTEBOOK-GEO25" duration="00:00:05.2880751" startTime="2026-10-09T14:59:07.1409375-03:00" endTime="2026-10-09T14:59:12.4291886-03:00" testType="13cdc9d9-ddb5-4fa4-a97d-d965ccfc6d4b" outcome="Passed" testListId="8c84fa94-04c1-424b-9868-57a2d4851a1d" relativeResultsDirectory="bf7d7eb4-de78-4c9a-a5bb-a18ff739479c" />
    <UnitTestResult executionId="09c62993-f0c3-4fb1-b0bc-1328ffbebd81" testId="960c597e-2ee7-ffea-07cf-16bf18984df4" testName="HemodinksAPI.Tests.AuthenticationRateLimitingEndpointTests.DeniedAccount_DoesNotSpendSharedIpBudget_AndClinicOrIpCannotBypassAccountLimit" computerName="NOTEBOOK-GEO25" duration="00:00:04.3103522" startTime="2026-10-09T14:59:21.8983529-03:00" endTime="2026-10-09T14:59:26.2088207-03:00" testType="13cdc9d9-ddb5-4fa4-a97d-d965ccfc6d4b" outcome="Passed" testListId="8c84fa94-04c1-424b-9868-57a2d4851a1d" relativeResultsDirectory="09c62993-f0c3-4fb1-b0bc-1328ffbebd81" />
    <UnitTestResult executionId="e0313a7e-51f7-493b-b4e6-e40fe9197cc3" testId="2856fce0-ae40-dc2e-d427-703e768c7a35" testName="HemodinksAPI.Tests.RateLimitingConfigurationTests.SubjectKey_BoundsUntrustedInput" computerName="NOTEBOOK-GEO25" duration="00:00:00.0007607" startTime="2026-10-09T14:58:57.6706359-03:00" endTime="2026-10-09T14:58:57.6714602-03:00" testType="13cdc9d9-ddb5-4fa4-a97d-d965ccfc6d4b" outcome="Passed" testListId="8c84fa94-04c1-424b-9868-57a2d4851a1d" relativeResultsDirectory="e0313a7e-51f7-493b-b4e6-e40fe9197cc3" />
    <UnitTestResult executionId="220a653a-a3f8-4a85-8a7b-803e3142afdf" testId="9bf3866a-4d44-99e3-46f4-52a4b5f104d1" testName="HemodinksAPI.Tests.RateLimitingConfigurationTests.Configuration_RejectsInvalidLimits(limit: 0)" computerName="NOTEBOOK-GEO25" duration="00:00:00.0223824" startTime="2026-10-09T14:58:57.5550655-03:00" endTime="2026-10-09T14:58:57.5917099-03:00" testType="13cdc9d9-ddb5-4fa4-a97d-d965ccfc6d4b" outcome="Passed" testListId="8c84fa94-04c1-424b-9868-57a2d4851a1d" relativeResultsDirectory="220a653a-a3f8-4a85-8a7b-803e3142afdf" />
    <UnitTestResult executionId="0ed48666-6479-4130-b8b7-cc3e322f920e" testId="e201f53a-c218-9e92-06f5-be9f07047a79" testName="HemodinksAPI.Tests.LoginBrowserTests.Browser_UsesRealApi(scenario: &quot;individual&quot;)" computerName="NOTEBOOK-GEO25" duration="00:00:38.6286733" startTime="2026-10-09T14:58:57.5550906-03:00" endTime="2026-10-09T14:59:36.1937067-03:00" testType="13cdc9d9-ddb5-4fa4-a97d-d965ccfc6d4b" outcome="Passed" testListId="8c84fa94-04c1-424b-9868-57a2d4851a1d" relativeResultsDirectory="0ed48666-6479-4130-b8b7-cc3e322f920e" />
    <UnitTestResult executionId="daa40c9b-d310-44f6-aefe-27221455ee20" testId="1cf84cb0-80fb-d599-2519-8621215d6a6b" testName="HemodinksAPI.Tests.RateLimitingConfigurationTests.SubjectKey_NormalizesEmailWithoutExposingIt(first: &quot;person@example.invalid&quot;, second: &quot; PERSON@example.invalid &quot;)" computerName="NOTEBOOK-GEO25" duration="00:00:00.0649424" startTime="2026-10-09T14:58:57.6028797-03:00" endTime="2026-10-09T14:58:57.6679171-03:00" testType="13cdc9d9-ddb5-4fa4-a97d-d965ccfc6d4b" outcome="Passed" testListId="8c84fa94-04c1-424b-9868-57a2d4851a1d" relativeResultsDirectory="daa40c9b-d310-44f6-aefe-27221455ee20" />
    <UnitTestResult executionId="c38e54d5-bae5-46fd-a983-bae83a61af0b" testId="1c5c4582-87d3-0f2b-05cf-0e5f78d2e18b" testName="HemodinksAPI.Tests.AuthenticationRateLimitingEndpointTests.RecoveryBudgets_AreSeparateFromLoginAndOtherAccounts" computerName="NOTEBOOK-GEO25" duration="00:00:04.2220240" startTime="2026-10-09T14:59:42.3002839-03:00" endTime="2026-10-09T14:59:46.5223986-03:00" testType="13cdc9d9-ddb5-4fa4-a97d-d965ccfc6d4b" outcome="Passed" testListId="8c84fa94-04c1-424b-9868-57a2d4851a1d" relativeResultsDirectory="c38e54d5-bae5-46fd-a983-bae83a61af0b" />
    <UnitTestResult executionId="b5d9928c-ec9f-4317-9ddc-8c16afa04cbf" testId="f1fc734a-2f6e-6103-2544-18c56840e8b8" testName="HemodinksAPI.Tests.AuthenticationRateLimitingEndpointTests.SubjectBudget_RecoversAfterWindow" computerName="NOTEBOOK-GEO25" duration="00:00:06.4405668" startTime="2026-10-09T14:59:31.9052255-03:00" endTime="2026-10-09T14:59:38.3459040-03:00" testType="13cdc9d9-ddb5-4fa4-a97d-d965ccfc6d4b" outcome="Passed" testListId="8c84fa94-04c1-424b-9868-57a2d4851a1d" relativeResultsDirectory="b5d9928c-ec9f-4317-9ddc-8c16afa04cbf" />
    <UnitTestResult executionId="1592358c-440c-4de6-b8b2-00012ff5948e" testId="c704fef7-3b95-22fc-e5da-d3fc86eefff2" testName="HemodinksAPI.Tests.AuthenticationRateLimitingEndpointTests.OriginBudget_RejectsSpoofedForwardedHeaders(trustedProxy: True)" computerName="NOTEBOOK-GEO25" duration="00:00:09.5606322" startTime="2026-10-09T14:58:57.5550873-03:00" endTime="2026-10-09T14:59:07.1304732-03:00" testType="13cdc9d9-ddb5-4fa4-a97d-d965ccfc6d4b" outcome="Passed" testListId="8c84fa94-04c1-424b-9868-57a2d4851a1d" relativeResultsDirectory="1592358c-440c-4de6-b8b2-00012ff5948e" />
    <UnitTestResult executionId="465f3c76-876b-46a2-a26a-065d42f4ad0f" testId="f8114660-d088-5a05-b890-64fea5072fd9" testName="HemodinksAPI.Tests.RateLimitingConfigurationTests.OriginBudget_NormalizesMappedAddressAndSeparatesOrigins" computerName="NOTEBOOK-GEO25" duration="00:00:00.0185035" startTime="2026-10-09T14:58:57.6721613-03:00" endTime="2026-10-09T14:58:57.6908175-03:00" testType="13cdc9d9-ddb5-4fa4-a97d-d965ccfc6d4b" outcome="Passed" testListId="8c84fa94-04c1-424b-9868-57a2d4851a1d" relativeResultsDirectory="465f3c76-876b-46a2-a26a-065d42f4ad0f" />
    <UnitTestResult executionId="97dc299b-fe8a-4e72-9a4d-eaf9417d5755" testId="fbe24a69-296a-f20e-74c2-644a4ace3d84" testName="HemodinksAPI.Tests.RateLimitingConfigurationTests.Configuration_RejectsInvalidLimits(limit: -1)" computerName="NOTEBOOK-GEO25" duration="00:00:00.0004283" startTime="2026-10-09T14:58:57.5987617-03:00" endTime="2026-10-09T14:58:57.5992810-03:00" testType="13cdc9d9-ddb5-4fa4-a97d-d965ccfc6d4b" outcome="Passed" testListId="8c84fa94-04c1-424b-9868-57a2d4851a1d" relativeResultsDirectory="97dc299b-fe8a-4e72-9a4d-eaf9417d5755" />
  </Results>
  <TestDefinitions>
    <UnitTest name="HemodinksAPI.Tests.AuthenticationRateLimitingEndpointTests.DeniedAccount_DoesNotSpendSharedIpBudget_AndClinicOrIpCannotBypassAccountLimit" storage="c:\george marcone\github\personal\hemodinks\hemodinks-api\hemodinksapi.tests\bin\debug\net10.0\hemodinksapi.tests.dll" id="960c597e-2ee7-ffea-07cf-16bf18984df4">
      <Execution id="09c62993-f0c3-4fb1-b0bc-1328ffbebd81" />
      <TestMethod codeBase="C:\George Marcone\GitHub\personal\HEMODINKS\hemodinks-api\HemodinksAPI.Tests\bin\Debug\net10.0\HemodinksAPI.Tests.dll" adapterTypeName="executor://xunit/VsTestRunner3/netcore/" className="HemodinksAPI.Tests.AuthenticationRateLimitingEndpointTests" name="DeniedAccount_DoesNotSpendSharedIpBudget_AndClinicOrIpCannotBypassAccountLimit" />
    </UnitTest>
    <UnitTest name="HemodinksAPI.Tests.AuthenticationRateLimitingEndpointTests.IndividualAndDiscovery_ShareSubjectBudget" storage="c:\george marcone\github\personal\hemodinks\hemodinks-api\hemodinksapi.tests\bin\debug\net10.0\hemodinksapi.tests.dll" id="3cd98ff5-dd8e-ff59-f671-755c93905eb5">
      <Execution id="199d18f0-817b-43c7-ac90-0e52a43ea5a4" />
      <TestMethod codeBase="C:\George Marcone\GitHub\personal\HEMODINKS\hemodinks-api\HemodinksAPI.Tests\bin\Debug\net10.0\HemodinksAPI.Tests.dll" adapterTypeName="executor://xunit/VsTestRunner3/netcore/" className="HemodinksAPI.Tests.AuthenticationRateLimitingEndpointTests" name="IndividualAndDiscovery_ShareSubjectBudget" />
    </UnitTest>
    <UnitTest name="HemodinksAPI.Tests.RateLimitingConfigurationTests.Configuration_RejectsInvalidLimits(limit: 100001)" storage="c:\george marcone\github\personal\hemodinks\hemodinks-api\hemodinksapi.tests\bin\debug\net10.0\hemodinksapi.tests.dll" id="ae1a9ba7-f07e-78f3-3bd3-0eb1764ae0e1">
      <Execution id="7354743b-f094-4850-b907-0fdd538a0442" />
      <TestMethod codeBase="C:\George Marcone\GitHub\personal\HEMODINKS\hemodinks-api\HemodinksAPI.Tests\bin\Debug\net10.0\HemodinksAPI.Tests.dll" adapterTypeName="executor://xunit/VsTestRunner3/netcore/" className="HemodinksAPI.Tests.RateLimitingConfigurationTests" name="Configuration_RejectsInvalidLimits" />
    </UnitTest>
    <UnitTest name="HemodinksAPI.Tests.AuthenticationRateLimitingEndpointTests.MultipleLegitimateIndividualAndTeamAccounts_CanLoginOnSameIp" storage="c:\george marcone\github\personal\hemodinks\hemodinks-api\hemodinksapi.tests\bin\debug\net10.0\hemodinksapi.tests.dll" id="bb4f24bb-5b69-b0b9-1ff4-f9f24b79bee2">
      <Execution id="09d2d7f2-16d3-47f6-b386-8f0e376c9663" />
      <TestMethod codeBase="C:\George Marcone\GitHub\personal\HEMODINKS\hemodinks-api\HemodinksAPI.Tests\bin\Debug\net10.0\HemodinksAPI.Tests.dll" adapterTypeName="executor://xunit/VsTestRunner3/netcore/" className="HemodinksAPI.Tests.AuthenticationRateLimitingEndpointTests" name="MultipleLegitimateIndividualAndTeamAccounts_CanLoginOnSameIp" />
    </UnitTest>
    <UnitTest name="HemodinksAPI.Tests.AuthenticationRateLimitingEndpointTests.SubjectBudget_RecoversAfterWindow" storage="c:\george marcone\github\personal\hemodinks\hemodinks-api\hemodinksapi.tests\bin\debug\net10.0\hemodinksapi.tests.dll" id="f1fc734a-2f6e-6103-2544-18c56840e8b8">
      <Execution id="b5d9928c-ec9f-4317-9ddc-8c16afa04cbf" />
      <TestMethod codeBase="C:\George Marcone\GitHub\personal\HEMODINKS\hemodinks-api\HemodinksAPI.Tests\bin\Debug\net10.0\HemodinksAPI.Tests.dll" adapterTypeName="executor://xunit/VsTestRunner3/netcore/" className="HemodinksAPI.Tests.AuthenticationRateLimitingEndpointTests" name="SubjectBudget_RecoversAfterWindow" />
    </UnitTest>
    <UnitTest name="HemodinksAPI.Tests.RateLimitingConfigurationTests.Configuration_RejectsInvalidLimits(limit: -1)" storage="c:\george marcone\github\personal\hemodinks\hemodinks-api\hemodinksapi.tests\bin\debug\net10.0\hemodinksapi.tests.dll" id="fbe24a69-296a-f20e-74c2-644a4ace3d84">
      <Execution id="97dc299b-fe8a-4e72-9a4d-eaf9417d5755" />
      <TestMethod codeBase="C:\George Marcone\GitHub\personal\HEMODINKS\hemodinks-api\HemodinksAPI.Tests\bin\Debug\net10.0\HemodinksAPI.Tests.dll" adapterTypeName="executor://xunit/VsTestRunner3/netcore/" className="HemodinksAPI.Tests.RateLimitingConfigurationTests" name="Configuration_RejectsInvalidLimits" />
    </UnitTest>
    <UnitTest name="HemodinksAPI.Tests.RateLimitingConfigurationTests.Configuration_RejectsInvalidLimits(limit: 0)" storage="c:\george marcone\github\personal\hemodinks\hemodinks-api\hemodinksapi.tests\bin\debug\net10.0\hemodinksapi.tests.dll" id="9bf3866a-4d44-99e3-46f4-52a4b5f104d1">
      <Execution id="220a653a-a3f8-4a85-8a7b-803e3142afdf" />
      <TestMethod codeBase="C:\George Marcone\GitHub\personal\HEMODINKS\hemodinks-api\HemodinksAPI.Tests\bin\Debug\net10.0\HemodinksAPI.Tests.dll" adapterTypeName="executor://xunit/VsTestRunner3/netcore/" className="HemodinksAPI.Tests.RateLimitingConfigurationTests" name="Configuration_RejectsInvalidLimits" />
    </UnitTest>
    <UnitTest name="HemodinksAPI.Tests.RateLimitingConfigurationTests.SubjectKey_BoundsUntrustedInput" storage="c:\george marcone\github\personal\hemodinks\hemodinks-api\hemodinksapi.tests\bin\debug\net10.0\hemodinksapi.tests.dll" id="2856fce0-ae40-dc2e-d427-703e768c7a35">
      <Execution id="e0313a7e-51f7-493b-b4e6-e40fe9197cc3" />
      <TestMethod codeBase="C:\George Marcone\GitHub\personal\HEMODINKS\hemodinks-api\HemodinksAPI.Tests\bin\Debug\net10.0\HemodinksAPI.Tests.dll" adapterTypeName="executor://xunit/VsTestRunner3/netcore/" className="HemodinksAPI.Tests.RateLimitingConfigurationTests" name="SubjectKey_BoundsUntrustedInput" />
    </UnitTest>
    <UnitTest name="HemodinksAPI.Tests.RateLimitingConfigurationTests.SubjectKey_NormalizesEmailWithoutExposingIt(first: &quot;a@example.invalid&quot;, second: &quot;A@example.invalid&quot;)" storage="c:\george marcone\github\personal\hemodinks\hemodinks-api\hemodinksapi.tests\bin\debug\net10.0\hemodinksapi.tests.dll" id="c6e90089-05c3-fd0d-8ef9-ad7975a6c361">
      <Execution id="489af439-3aa6-4e95-86e1-662eae29ee74" />
      <TestMethod codeBase="C:\George Marcone\GitHub\personal\HEMODINKS\hemodinks-api\HemodinksAPI.Tests\bin\Debug\net10.0\HemodinksAPI.Tests.dll" adapterTypeName="executor://xunit/VsTestRunner3/netcore/" className="HemodinksAPI.Tests.RateLimitingConfigurationTests" name="SubjectKey_NormalizesEmailWithoutExposingIt" />
    </UnitTest>
    <UnitTest name="HemodinksAPI.Tests.AuthenticationRateLimitingEndpointTests.OriginBudget_RejectsSpoofedForwardedHeaders(trustedProxy: True)" storage="c:\george marcone\github\personal\hemodinks\hemodinks-api\hemodinksapi.tests\bin\debug\net10.0\hemodinksapi.tests.dll" id="c704fef7-3b95-22fc-e5da-d3fc86eefff2">
      <Execution id="1592358c-440c-4de6-b8b2-00012ff5948e" />
      <TestMethod codeBase="C:\George Marcone\GitHub\personal\HEMODINKS\hemodinks-api\HemodinksAPI.Tests\bin\Debug\net10.0\HemodinksAPI.Tests.dll" adapterTypeName="executor://xunit/VsTestRunner3/netcore/" className="HemodinksAPI.Tests.AuthenticationRateLimitingEndpointTests" name="OriginBudget_RejectsSpoofedForwardedHeaders" />
    </UnitTest>
    <UnitTest name="HemodinksAPI.Tests.AuthenticationRateLimitingEndpointTests.AccountLimit_DoesNotBlockAnotherAccountOnSameIp_AndHasStableContract" storage="c:\george marcone\github\personal\hemodinks\hemodinks-api\hemodinksapi.tests\bin\debug\net10.0\hemodinksapi.tests.dll" id="d65d669c-f3f5-210d-4f32-884fa8c54fed">
      <Execution id="40511295-3b5e-417b-949f-d4f558f18ade" />
      <TestMethod codeBase="C:\George Marcone\GitHub\personal\HEMODINKS\hemodinks-api\HemodinksAPI.Tests\bin\Debug\net10.0\HemodinksAPI.Tests.dll" adapterTypeName="executor://xunit/VsTestRunner3/netcore/" className="HemodinksAPI.Tests.AuthenticationRateLimitingEndpointTests" name="AccountLimit_DoesNotBlockAnotherAccountOnSameIp_AndHasStableContract" />
    </UnitTest>
    <UnitTest name="HemodinksAPI.Tests.RateLimitingConfigurationTests.OriginBudget_NormalizesMappedAddressAndSeparatesOrigins" storage="c:\george marcone\github\personal\hemodinks\hemodinks-api\hemodinksapi.tests\bin\debug\net10.0\hemodinksapi.tests.dll" id="f8114660-d088-5a05-b890-64fea5072fd9">
      <Execution id="465f3c76-876b-46a2-a26a-065d42f4ad0f" />
      <TestMethod codeBase="C:\George Marcone\GitHub\personal\HEMODINKS\hemodinks-api\HemodinksAPI.Tests\bin\Debug\net10.0\HemodinksAPI.Tests.dll" adapterTypeName="executor://xunit/VsTestRunner3/netcore/" className="HemodinksAPI.Tests.RateLimitingConfigurationTests" name="OriginBudget_NormalizesMappedAddressAndSeparatesOrigins" />
    </UnitTest>
    <UnitTest name="HemodinksAPI.Tests.LoginBrowserTests.Browser_UsesRealApi(scenario: &quot;individual&quot;)" storage="c:\george marcone\github\personal\hemodinks\hemodinks-api\hemodinksapi.tests\bin\debug\net10.0\hemodinksapi.tests.dll" id="e201f53a-c218-9e92-06f5-be9f07047a79">
      <Execution id="0ed48666-6479-4130-b8b7-cc3e322f920e" />
      <TestMethod codeBase="C:\George Marcone\GitHub\personal\HEMODINKS\hemodinks-api\HemodinksAPI.Tests\bin\Debug\net10.0\HemodinksAPI.Tests.dll" adapterTypeName="executor://xunit/VsTestRunner3/netcore/" className="HemodinksAPI.Tests.LoginBrowserTests" name="Browser_UsesRealApi" />
    </UnitTest>
    <UnitTest name="HemodinksAPI.Tests.AuthenticationRateLimitingEndpointTests.OriginBudget_RejectsSpoofedForwardedHeaders(trustedProxy: False)" storage="c:\george marcone\github\personal\hemodinks\hemodinks-api\hemodinksapi.tests\bin\debug\net10.0\hemodinksapi.tests.dll" id="7a1d6ae5-b7aa-c966-2004-6ae3ebff7a6c">
      <Execution id="bf7d7eb4-de78-4c9a-a5bb-a18ff739479c" />
      <TestMethod codeBase="C:\George Marcone\GitHub\personal\HEMODINKS\hemodinks-api\HemodinksAPI.Tests\bin\Debug\net10.0\HemodinksAPI.Tests.dll" adapterTypeName="executor://xunit/VsTestRunner3/netcore/" className="HemodinksAPI.Tests.AuthenticationRateLimitingEndpointTests" name="OriginBudget_RejectsSpoofedForwardedHeaders" />
    </UnitTest>
    <UnitTest name="HemodinksAPI.Tests.RateLimitingConfigurationTests.SubjectKey_NormalizesEmailWithoutExposingIt(first: &quot;person@example.invalid&quot;, second: &quot; PERSON@example.invalid &quot;)" storage="c:\george marcone\github\personal\hemodinks\hemodinks-api\hemodinksapi.tests\bin\debug\net10.0\hemodinksapi.tests.dll" id="1cf84cb0-80fb-d599-2519-8621215d6a6b">
      <Execution id="daa40c9b-d310-44f6-aefe-27221455ee20" />
      <TestMethod codeBase="C:\George Marcone\GitHub\personal\HEMODINKS\hemodinks-api\HemodinksAPI.Tests\bin\Debug\net10.0\HemodinksAPI.Tests.dll" adapterTypeName="executor://xunit/VsTestRunner3/netcore/" className="HemodinksAPI.Tests.RateLimitingConfigurationTests" name="SubjectKey_NormalizesEmailWithoutExposingIt" />
    </UnitTest>
    <UnitTest name="HemodinksAPI.Tests.AuthenticationRateLimitingEndpointTests.RecoveryBudgets_AreSeparateFromLoginAndOtherAccounts" storage="c:\george marcone\github\personal\hemodinks\hemodinks-api\hemodinksapi.tests\bin\debug\net10.0\hemodinksapi.tests.dll" id="1c5c4582-87d3-0f2b-05cf-0e5f78d2e18b">
      <Execution id="c38e54d5-bae5-46fd-a983-bae83a61af0b" />
      <TestMethod codeBase="C:\George Marcone\GitHub\personal\HEMODINKS\hemodinks-api\HemodinksAPI.Tests\bin\Debug\net10.0\HemodinksAPI.Tests.dll" adapterTypeName="executor://xunit/VsTestRunner3/netcore/" className="HemodinksAPI.Tests.AuthenticationRateLimitingEndpointTests" name="RecoveryBudgets_AreSeparateFromLoginAndOtherAccounts" />
    </UnitTest>
  </TestDefinitions>
  <TestEntries>
    <TestEntry testId="d65d669c-f3f5-210d-4f32-884fa8c54fed" executionId="40511295-3b5e-417b-949f-d4f558f18ade" testListId="8c84fa94-04c1-424b-9868-57a2d4851a1d" />
    <TestEntry testId="ae1a9ba7-f07e-78f3-3bd3-0eb1764ae0e1" executionId="7354743b-f094-4850-b907-0fdd538a0442" testListId="8c84fa94-04c1-424b-9868-57a2d4851a1d" />
    <TestEntry testId="c6e90089-05c3-fd0d-8ef9-ad7975a6c361" executionId="489af439-3aa6-4e95-86e1-662eae29ee74" testListId="8c84fa94-04c1-424b-9868-57a2d4851a1d" />
    <TestEntry testId="3cd98ff5-dd8e-ff59-f671-755c93905eb5" executionId="199d18f0-817b-43c7-ac90-0e52a43ea5a4" testListId="8c84fa94-04c1-424b-9868-57a2d4851a1d" />
    <TestEntry testId="bb4f24bb-5b69-b0b9-1ff4-f9f24b79bee2" executionId="09d2d7f2-16d3-47f6-b386-8f0e376c9663" testListId="8c84fa94-04c1-424b-9868-57a2d4851a1d" />
    <TestEntry testId="7a1d6ae5-b7aa-c966-2004-6ae3ebff7a6c" executionId="bf7d7eb4-de78-4c9a-a5bb-a18ff739479c" testListId="8c84fa94-04c1-424b-9868-57a2d4851a1d" />
    <TestEntry testId="960c597e-2ee7-ffea-07cf-16bf18984df4" executionId="09c62993-f0c3-4fb1-b0bc-1328ffbebd81" testListId="8c84fa94-04c1-424b-9868-57a2d4851a1d" />
    <TestEntry testId="2856fce0-ae40-dc2e-d427-703e768c7a35" executionId="e0313a7e-51f7-493b-b4e6-e40fe9197cc3" testListId="8c84fa94-04c1-424b-9868-57a2d4851a1d" />
    <TestEntry testId="9bf3866a-4d44-99e3-46f4-52a4b5f104d1" executionId="220a653a-a3f8-4a85-8a7b-803e3142afdf" testListId="8c84fa94-04c1-424b-9868-57a2d4851a1d" />
    <TestEntry testId="e201f53a-c218-9e92-06f5-be9f07047a79" executionId="0ed48666-6479-4130-b8b7-cc3e322f920e" testListId="8c84fa94-04c1-424b-9868-57a2d4851a1d" />
    <TestEntry testId="1cf84cb0-80fb-d599-2519-8621215d6a6b" executionId="daa40c9b-d310-44f6-aefe-27221455ee20" testListId="8c84fa94-04c1-424b-9868-57a2d4851a1d" />
    <TestEntry testId="1c5c4582-87d3-0f2b-05cf-0e5f78d2e18b" executionId="c38e54d5-bae5-46fd-a983-bae83a61af0b" testListId="8c84fa94-04c1-424b-9868-57a2d4851a1d" />
    <TestEntry testId="f1fc734a-2f6e-6103-2544-18c56840e8b8" executionId="b5d9928c-ec9f-4317-9ddc-8c16afa04cbf" testListId="8c84fa94-04c1-424b-9868-57a2d4851a1d" />
    <TestEntry testId="c704fef7-3b95-22fc-e5da-d3fc86eefff2" executionId="1592358c-440c-4de6-b8b2-00012ff5948e" testListId="8c84fa94-04c1-424b-9868-57a2d4851a1d" />
    <TestEntry testId="f8114660-d088-5a05-b890-64fea5072fd9" executionId="465f3c76-876b-46a2-a26a-065d42f4ad0f" testListId="8c84fa94-04c1-424b-9868-57a2d4851a1d" />
    <TestEntry testId="fbe24a69-296a-f20e-74c2-644a4ace3d84" executionId="97dc299b-fe8a-4e72-9a4d-eaf9417d5755" testListId="8c84fa94-04c1-424b-9868-57a2d4851a1d" />
  </TestEntries>
  <TestLists>
    <TestList name="Resultados que não estão em uma lista" id="8c84fa94-04c1-424b-9868-57a2d4851a1d" />
    <TestList name="Todos os resultados carregados" id="19431567-8539-422a-85d7-44ee4e166bda" />
  </TestLists>
  <ResultSummary outcome="Completed">
    <Counters total="16" executed="16" passed="16" failed="0" error="0" timeout="0" aborted="0" inconclusive="0" passedButRunAborted="0" notRunnable="0" notExecuted="0" disconnected="0" warning="0" completed="0" inProgress="0" pending="0" />
    <Output>
      <StdOut>[xUnit.net 00:00:00.00] xUnit.net VSTest Adapter v3.1.5+1b188a7b0a (64-bit .NET 10.0.12)&#xD;
[xUnit.net 00:00:00.38]   Discovering: HemodinksAPI.Tests&#xD;
[xUnit.net 00:00:01.52]   Discovered:  HemodinksAPI.Tests&#xD;
[xUnit.net 00:00:01.89]   Starting:    HemodinksAPI.Tests&#xD;
[xUnit.net 00:00:50.96]   Finished:    HemodinksAPI.Tests (ID = '62b0f49cee91ca5672ab8000bfd22417df13d4c8d956e64afc07302a98c706c0')&#xD;
</StdOut>
    </Output>
  </ResultSummary>
</TestRun>