<?xml version="1.0" encoding="utf-8"?>
<TestRun id="9df3ff72-e048-43dc-a98a-da9b02f15090" name="George Marcone@NOTEBOOK-GEO25 2026-10-09 15:01:40" runUser="NOTEBOOK-GEO25\George Marcone" xmlns="http://microsoft.com/schemas/VisualStudio/TeamTest/2010">
  <Times creation="2026-10-09T15:01:40.9502220-03:00" queuing="2026-10-09T15:01:40.9502231-03:00" start="2026-10-09T15:01:04.1498636-03:00" finish="2026-10-09T15:02:29.4864090-03:00" />
  <TestSettings name="default" id="358569fc-1e38-40cc-874c-86984ba09aea">
    <Deployment runDeploymentRoot="George_Marcone_NOTEBOOK-GEO25_2026-10-09_15_01_40" />
  </TestSettings>
  <Results>
    <UnitTestResult executionId="b3bc10bf-b7c3-438a-8df9-bd7dbbe2fa94" testId="cc644051-2179-c193-5ac0-2cda89ea6c38" testName="HemodinksAPI.Tests.LoginBrowserTests.Browser_UsesRealApi(scenario: &quot;invalid-pin&quot;)" computerName="NOTEBOOK-GEO25" duration="00:00:23.0846376" startTime="2026-10-09T15:02:06.1261966-03:00" endTime="2026-10-09T15:02:29.2109746-03:00" testType="13cdc9d9-ddb5-4fa4-a97d-d965ccfc6d4b" outcome="Passed" testListId="8c84fa94-04c1-424b-9868-57a2d4851a1d" relativeResultsDirectory="b3bc10bf-b7c3-438a-8df9-bd7dbbe2fa94" />
    <UnitTestResult executionId="8cdaedab-9816-42fe-bb5d-730f71d407d8" testId="96fc6516-961a-9128-c38c-3e5aa8ccccbe" testName="HemodinksAPI.Tests.LoginBrowserTests.Browser_UsesRealApi(scenario: &quot;pin&quot;)" computerName="NOTEBOOK-GEO25" duration="00:00:25.2324924" startTime="2026-10-09T15:01:40.8908559-03:00" endTime="2026-10-09T15:02:06.1238177-03:00" testType="13cdc9d9-ddb5-4fa4-a97d-d965ccfc6d4b" outcome="Passed" testListId="8c84fa94-04c1-424b-9868-57a2d4851a1d" relativeResultsDirectory="8cdaedab-9816-42fe-bb5d-730f71d407d8" />
    <UnitTestResult executionId="dce88e44-32a1-4b23-aceb-afbf42d3fed7" testId="2497395d-5154-6316-869c-61bb44aaecc0" testName="HemodinksAPI.Tests.LoginBrowserTests.Browser_UsesRealApi(scenario: &quot;selection&quot;)" computerName="NOTEBOOK-GEO25" duration="00:00:34.2038866" startTime="2026-10-09T15:01:06.6558414-03:00" endTime="2026-10-09T15:01:40.8744461-03:00" testType="13cdc9d9-ddb5-4fa4-a97d-d965ccfc6d4b" outcome="Passed" testListId="8c84fa94-04c1-424b-9868-57a2d4851a1d" relativeResultsDirectory="dce88e44-32a1-4b23-aceb-afbf42d3fed7" />
  </Results>
  <TestDefinitions>
    <UnitTest name="HemodinksAPI.Tests.LoginBrowserTests.Browser_UsesRealApi(scenario: &quot;selection&quot;)" storage="c:\george marcone\github\personal\hemodinks\hemodinks-api\hemodinksapi.tests\bin\debug\net10.0\hemodinksapi.tests.dll" id="2497395d-5154-6316-869c-61bb44aaecc0">
      <Execution id="dce88e44-32a1-4b23-aceb-afbf42d3fed7" />
      <TestMethod codeBase="C:\George Marcone\GitHub\personal\HEMODINKS\hemodinks-api\HemodinksAPI.Tests\bin\Debug\net10.0\HemodinksAPI.Tests.dll" adapterTypeName="executor://xunit/VsTestRunner3/netcore/" className="HemodinksAPI.Tests.LoginBrowserTests" name="Browser_UsesRealApi" />
    </UnitTest>
    <UnitTest name="HemodinksAPI.Tests.LoginBrowserTests.Browser_UsesRealApi(scenario: &quot;invalid-pin&quot;)" storage="c:\george marcone\github\personal\hemodinks\hemodinks-api\hemodinksapi.tests\bin\debug\net10.0\hemodinksapi.tests.dll" id="cc644051-2179-c193-5ac0-2cda89ea6c38">
      <Execution id="b3bc10bf-b7c3-438a-8df9-bd7dbbe2fa94" />
      <TestMethod codeBase="C:\George Marcone\GitHub\personal\HEMODINKS\hemodinks-api\HemodinksAPI.Tests\bin\Debug\net10.0\HemodinksAPI.Tests.dll" adapterTypeName="executor://xunit/VsTestRunner3/netcore/" className="HemodinksAPI.Tests.LoginBrowserTests" name="Browser_UsesRealApi" />
    </UnitTest>
    <UnitTest name="HemodinksAPI.Tests.LoginBrowserTests.Browser_UsesRealApi(scenario: &quot;pin&quot;)" storage="c:\george marcone\github\personal\hemodinks\hemodinks-api\hemodinksapi.tests\bin\debug\net10.0\hemodinksapi.tests.dll" id="96fc6516-961a-9128-c38c-3e5aa8ccccbe">
      <Execution id="8cdaedab-9816-42fe-bb5d-730f71d407d8" />
      <TestMethod codeBase="C:\George Marcone\GitHub\personal\HEMODINKS\hemodinks-api\HemodinksAPI.Tests\bin\Debug\net10.0\HemodinksAPI.Tests.dll" adapterTypeName="executor://xunit/VsTestRunner3/netcore/" className="HemodinksAPI.Tests.LoginBrowserTests" name="Browser_UsesRealApi" />
    </UnitTest>
  </TestDefinitions>
  <TestEntries>
    <TestEntry testId="cc644051-2179-c193-5ac0-2cda89ea6c38" executionId="b3bc10bf-b7c3-438a-8df9-bd7dbbe2fa94" testListId="8c84fa94-04c1-424b-9868-57a2d4851a1d" />
    <TestEntry testId="96fc6516-961a-9128-c38c-3e5aa8ccccbe" executionId="8cdaedab-9816-42fe-bb5d-730f71d407d8" testListId="8c84fa94-04c1-424b-9868-57a2d4851a1d" />
    <TestEntry testId="2497395d-5154-6316-869c-61bb44aaecc0" executionId="dce88e44-32a1-4b23-aceb-afbf42d3fed7" testListId="8c84fa94-04c1-424b-9868-57a2d4851a1d" />
  </TestEntries>
  <TestLists>
    <TestList name="Resultados que não estão em uma lista" id="8c84fa94-04c1-424b-9868-57a2d4851a1d" />
    <TestList name="Todos os resultados carregados" id="19431567-8539-422a-85d7-44ee4e166bda" />
  </TestLists>
  <ResultSummary outcome="Completed">
    <Counters total="3" executed="3" passed="3" failed="0" error="0" timeout="0" aborted="0" inconclusive="0" passedButRunAborted="0" notRunnable="0" notExecuted="0" disconnected="0" warning="0" completed="0" inProgress="0" pending="0" />
    <Output>
      <StdOut>[xUnit.net 00:00:00.00] xUnit.net VSTest Adapter v3.1.5+1b188a7b0a (64-bit .NET 10.0.12)&#xD;
[xUnit.net 00:00:00.40]   Discovering: HemodinksAPI.Tests&#xD;
[xUnit.net 00:00:01.06]   Discovered:  HemodinksAPI.Tests&#xD;
[xUnit.net 00:00:01.38]   Starting:    HemodinksAPI.Tests&#xD;
[xUnit.net 00:01:24.06]   Finished:    HemodinksAPI.Tests (ID = '62b0f49cee91ca5672ab8000bfd22417df13d4c8d956e64afc07302a98c706c0')&#xD;
</StdOut>
    </Output>
  </ResultSummary>
</TestRun>