
> hemodinks-front@0.1.0 prebuild
> node scripts/write-otel-runtime-config.mjs


> hemodinks-front@0.1.0 build
> tsc -b && vite build

vite v7.3.6 building client environment for production...
transforming...
✓ 3111 modules transformed.
rendering chunks...
[plugin vite:reporter] 
(!) C:/George Marcone/GitHub/personal/HEMODINKS/hemodinks-front/src/observability.ts is dynamically imported by C:/George Marcone/GitHub/personal/HEMODINKS/hemodinks-front/src/features/privacy/analyticsConsent.ts, C:/George Marcone/GitHub/personal/HEMODINKS/hemodinks-front/src/features/privacy/analyticsConsent.ts but also statically imported by C:/George Marcone/GitHub/personal/HEMODINKS/hemodinks-front/src/shared/components/ErrorBoundary.tsx, dynamic import will not move module into another chunk.

computing gzip size...
dist/index.html                                                  0.75 kB │ gzip:   0.35 kB
dist/assets/comfortaa-vietnamese-wght-normal-BegpjMof.woff2      9.66 kB
dist/assets/comfortaa-greek-wght-normal-C_9s1t5x.woff2          13.22 kB
dist/assets/comfortaa-cyrillic-ext-wght-normal-Bbyo-ZHz.woff2   15.44 kB
dist/assets/comfortaa-cyrillic-wght-normal-D14l-6cu.woff2       18.45 kB
dist/assets/comfortaa-latin-ext-wght-normal-CYL25BRH.woff2      24.58 kB
dist/assets/comfortaa-latin-wght-normal-CLB3k12Y.woff2          30.87 kB
dist/assets/imagem hemodinks github-DAy_-9Tw.jpg                69.28 kB
dist/assets/MedicalGroupsPage-CJzA6MFB.css                       1.42 kB │ gzip:   0.53 kB
dist/assets/TutorialsPage-Cv_okHmh.css                           2.26 kB │ gzip:   0.75 kB
dist/assets/ReportsPage-D9eexizi.css                             3.91 kB │ gzip:   1.00 kB
dist/assets/UsersPage-BdD10PZc.css                               5.70 kB │ gzip:   1.47 kB
dist/assets/tutorial-runtime-Cc8nMXTk.css                        5.85 kB │ gzip:   1.70 kB
dist/assets/OptionsPage-iH-KsSoE.css                             6.49 kB │ gzip:   1.67 kB
dist/assets/ClinicsPage-mMfWPXt1.css                             7.42 kB │ gzip:   1.84 kB
dist/assets/AgendaPage-CsDVCsQl.css                             10.13 kB │ gzip:   2.19 kB
dist/assets/patients-B94Kp1sV.css                               15.36 kB │ gzip:   3.05 kB
dist/assets/billingUtils-BzKG89WP.css                           37.79 kB │ gzip:   6.60 kB
dist/assets/index-B4wMZMPt.css                                  72.80 kB │ gzip:  14.65 kB
dist/assets/iframe-PalxAwQ_.js                                   0.06 kB │ gzip:   0.08 kB
dist/assets/type-check-BVQCr-HH.js                               0.07 kB │ gzip:   0.08 kB
dist/assets/chevron-left-BXXyX9HW.js                             0.13 kB │ gzip:   0.14 kB
dist/assets/plus-Bb6PU4e9.js                                     0.15 kB │ gzip:   0.15 kB
dist/assets/clock-3-B_EodGDX.js                                  0.17 kB │ gzip:   0.17 kB
dist/assets/traverse-eGeoT8Mx.js                                 0.19 kB │ gzip:   0.17 kB
dist/assets/carousel-CQ3wFu8G.js                                 0.21 kB │ gzip:   0.19 kB
dist/assets/download-qeq-l48j.js                                 0.23 kB │ gzip:   0.19 kB
dist/assets/refresh-cw-C5N9OPh0.js                               0.32 kB │ gzip:   0.23 kB
dist/assets/save-DRrxc4Zj.js                                     0.33 kB │ gzip:   0.23 kB
dist/assets/load-time-Cmk-kuty.js                                0.33 kB │ gzip:   0.26 kB
dist/assets/panels-osL6unhn.js                                   0.33 kB │ gzip:   0.20 kB
dist/assets/message-square-text-Bg1vVD7i.js                      0.35 kB │ gzip:   0.24 kB
dist/assets/file-up-rxEpAhQz.js                                  0.35 kB │ gzip:   0.25 kB
dist/assets/image-plus-DU4y5bPH.js                               0.36 kB │ gzip:   0.25 kB
dist/assets/SortableTableHeader-DPH21dzm.js                      0.43 kB │ gzip:   0.31 kB
dist/assets/timer--QM2LZfv.js                                    0.50 kB │ gzip:   0.27 kB
dist/assets/event-origin-Bb7irpQQ.js                             0.53 kB │ gzip:   0.34 kB
dist/assets/SecureFileDownloadButton-juMDjZlV.js                 0.53 kB │ gzip:   0.39 kB
dist/assets/PasswordModal-DHVRpI3W.js                            0.67 kB │ gzip:   0.38 kB
dist/assets/DateInput-lmpx8B3c.js                                0.86 kB │ gzip:   0.48 kB
dist/assets/bel-serializer-BQ9BEjaZ.js                           0.88 kB │ gzip:   0.53 kB
dist/assets/nav-timing-CHjjxeJZ.js                               1.02 kB │ gzip:   0.54 kB
dist/assets/stylesheet-evaluator-BoHYMYAx.js                     1.09 kB │ gzip:   0.51 kB
dist/assets/event-buffer-MYSX08Kf.js                             1.24 kB │ gzip:   0.58 kB
dist/assets/NotificationsModal-B9RGbnU-.js                       2.27 kB │ gzip:   0.93 kB
dist/assets/index-BvrW4O4J.js                                    3.45 kB │ gzip:   1.52 kB
dist/assets/index-D7T7tiuN.js                                    4.05 kB │ gzip:   1.78 kB
dist/assets/index-DRplln0Q.js                                    4.14 kB │ gzip:   1.90 kB
dist/assets/PatientObservacoesModal-DdJYeBns.js                  4.19 kB │ gzip:   1.64 kB
dist/assets/CbhpmLookupModal-Du7XFgXa.js                         4.47 kB │ gzip:   1.67 kB
dist/assets/PatientModals-BQa8fud2.js                            4.60 kB │ gzip:   1.32 kB
dist/assets/TutorialsPage-Bqggjxyq.js                            4.82 kB │ gzip:   1.86 kB
dist/assets/patientFormExporter-2FYANzPx.js                      5.23 kB │ gzip:   2.07 kB
dist/assets/ui-CqZ4Z1Ny.js                                       5.39 kB │ gzip:   1.98 kB
dist/assets/index-DtFSIhMX.js                                    5.78 kB │ gzip:   2.43 kB
dist/assets/index-k2Zexhah.js                                    6.69 kB │ gzip:   2.91 kB
dist/assets/agent-session-CMVpmn02.js                            6.84 kB │ gzip:   2.55 kB
dist/assets/index-Dc_PfRJg.js                                    7.02 kB │ gzip:   2.32 kB
dist/assets/MedicalGroupsPage-DW_Kh_CK.js                        7.53 kB │ gzip:   2.40 kB
dist/assets/index-BBDRE7rV.js                                    7.73 kB │ gzip:   2.80 kB
dist/assets/index-f5X5mhZw.js                                    8.18 kB │ gzip:   2.92 kB
dist/assets/OptionsPage-CZ2WwLnL.js                              8.66 kB │ gzip:   2.86 kB
dist/assets/index-BVHej8Xv.js                                    9.71 kB │ gzip:   3.56 kB
dist/assets/index-DEsK-pRZ.js                                   11.09 kB │ gzip:   3.63 kB
dist/assets/aggregate-base-DR6HgPGH.js                          11.59 kB │ gzip:   4.62 kB
dist/assets/webdriver-detection-CqGt_ylF.js                     12.81 kB │ gzip:   4.62 kB
dist/assets/BillingPage-DKGfCvyo.js                             17.39 kB │ gzip:   5.01 kB
dist/assets/UsersPage-qrfX46JO.js                               18.01 kB │ gzip:   6.00 kB
dist/assets/AgendaPage-BnEUB5DS.js                              18.14 kB │ gzip:   5.72 kB
dist/assets/billingUtils-cxjc7LPw.js                            20.87 kB │ gzip:   5.83 kB
dist/assets/ReportsPage-DPnsbsWc.js                             22.07 kB │ gzip:   7.31 kB
dist/assets/PatientsPage-Cg9Np_8C.js                            24.11 kB │ gzip:   6.60 kB
dist/assets/BillingHistoryPage-Br18y1Ql.js                      28.12 kB │ gzip:   7.84 kB
dist/assets/purify.es-4eNOHKSq.js                               28.74 kB │ gzip:  11.02 kB
dist/assets/ClinicsPage-Cb9rUxu2.js                             29.64 kB │ gzip:   9.13 kB
dist/assets/jspdf.plugin.autotable-B0IxatYY.js                  31.04 kB │ gzip:   9.90 kB
dist/assets/browser-CXh1ITwj.js                                 31.80 kB │ gzip:  12.20 kB
dist/assets/query-vendor-BsxISGDY.js                            35.91 kB │ gzip:  10.61 kB
dist/assets/tutorial-runtime-C_cW5aPq.js                        57.47 kB │ gzip:  17.28 kB
dist/assets/newRelic-TL3xo7UD.js                                62.27 kB │ gzip:  22.51 kB
dist/assets/otel-CjUTVoO0.js                                    75.77 kB │ gzip:  24.40 kB
dist/assets/index.es-CdIzkHCF.js                               158.94 kB │ gzip:  53.10 kB
dist/assets/recorder-CNBKDYY1.js                               185.56 kB │ gzip:  58.91 kB
dist/assets/html2canvas.esm-DXEQVQnt.js                        201.04 kB │ gzip:  47.43 kB
dist/assets/react-vendor-B8QIa9gj.js                           230.39 kB │ gzip:  73.94 kB
dist/assets/index-CmCrchfB.js                                  289.06 kB │ gzip:  89.11 kB
dist/assets/jspdf.es.min-DfI64hPQ.js                           386.16 kB │ gzip: 126.41 kB
dist/assets/observability-BvyclaTa.js                          481.07 kB │ gzip: 159.52 kB
✓ built in 13.36s
