
> hemodinks-front@0.1.0 test:e2e
> playwright test --workers=2

[WebServer] (node:20844) Warning: The 'NO_COLOR' env is ignored due to the 'FORCE_COLOR' env being set.
[WebServer] (Use `node --trace-warnings ...` to show where the warning was created)

Running 78 tests using 2 workers

  -   1 [chromium] › e2e\login-real-api.spec.ts:59:1 › case:individual
  -   2 [chromium] › e2e\login-real-api.spec.ts:73:3 › case:selection
  -   3 [chromium] › e2e\login-real-api.spec.ts:73:3 › case:pin
  -   4 [chromium] › e2e\login-real-api.spec.ts:99:1 › case:invalid-pin
  -   5 [chromium] › e2e\login-real-api.spec.ts:112:1 › case:anonymous
  -   6 [chromium] › e2e\login-real-api.spec.ts:121:1 › case:anonymous-write
  -   7 [chromium] › e2e\login-real-api.spec.ts:133:1 › case:cross-tenant
  -   8 [chromium] › e2e\login-real-api.spec.ts:159:1 › case:operator-swap
  -   9 [chromium] › e2e\login-real-api.spec.ts:164:1 › case:replay
  -  10 [chromium] › e2e\login-real-api.spec.ts:170:1 › case:cancel
  -  11 [chromium] › e2e\login-real-api.spec.ts:181:1 › case:layout
(node:26632) Warning: The 'NO_COLOR' env is ignored due to the 'FORCE_COLOR' env being set.
(Use `node --trace-warnings ...` to show where the warning was created)
(node:26632) Warning: The 'NO_COLOR' env is ignored due to the 'FORCE_COLOR' env being set.
(Use `node --trace-warnings ...` to show where the warning was created)
  ok 12 [chromium] › e2e\hemodinks.spec.ts:657:1 › faz login pelo formulario e abre o dashboard (3.8s)
  ok 13 [chromium] › e2e\hemodinks.spec.ts:673:1 › exige aceite versionado uma única vez e mantém o acesso após novo login (2.2s)
  ok 14 [chromium] › e2e\hemodinks.spec.ts:706:1 › navega pelos fluxos principais autenticados (1.7s)
  ok 15 [chromium] › e2e\hemodinks.spec.ts:726:1 › abre o módulo de tutoriais interativos e carrega o vídeo de Relatórios (2.0s)
  ok 16 [chromium] › e2e\hemodinks.spec.ts:756:1 › todos os tutoriais registrados possuem configuração e alvos estáveis (9.6s)
  ok 17 [chromium] › e2e\hemodinks.spec.ts:774:1 › exibe o fluxo contextual correspondente para o SuperAdministrador (14.9s)
  ok 18 [chromium] › e2e\hemodinks.spec.ts:803:1 › clínica legada: administrador cadastra CNPJ e o alerta permanente desaparece (1.8s)
  ok 19 [chromium] › e2e\hemodinks.spec.ts:852:1 › navegação pelo menu posiciona a nova tela no topo da aplicação (1.1s)
  ok 20 [chromium] › e2e\hemodinks.spec.ts:870:1 › consulta o histórico de faturamento por ano e mês (1.9s)
  ok 21 [chromium] › e2e\hemodinks.spec.ts:941:1 › mantem telas criticas sem overflow horizontal no mobile (5.3s)
  ok 22 [chromium] › e2e\hemodinks.spec.ts:959:1 › cadastra e edita usuario usando o formulario real (2.6s)
  ok 23 [chromium] › e2e\hemodinks.spec.ts:997:1 › cadastra e edita paciente usando o fluxo real do formulario (2.8s)
  ok 24 [chromium] › e2e\hemodinks.spec.ts:1040:1 › cadastra evento na agenda (1.4s)
  ok 25 [chromium] › e2e\hemodinks.spec.ts:1068:1 › exporta pacientes em planilha e PDF (1.5s)
  ok 26 [chromium] › e2e\hemodinks.spec.ts:1084:1 › consulta e exporta relatórios com filtros múltiplos (1.7s)
  ok 27 [chromium] › e2e\hemodinks.spec.ts:1110:1 › bloqueia rota de usuarios para perfil paciente (1.2s)
  ok 28 [chromium] › e2e\hemodinks.spec.ts:1118:1 › protege relatórios com a autorização provisória do faturamento (1.0s)
  ok 29 [chromium] › e2e\hemodinks.spec.ts:1125:1 › nao apresenta violacoes serias de acessibilidade nas rotas principais (6.2s)
  ok 30 [chromium] › e2e\hemodinks.spec.ts:1143:1 › gera evidencias visuais desktop e mobile das telas principais (14.1s)
  ok 31 [chromium] › e2e\hemodinks.spec.ts:1177:1 › privacidade: oferece escolha real, persiste categorias e controla análise opcional (1.5s)
  ok 32 [chromium] › e2e\hemodinks.spec.ts:1222:1 › privacidade: sincroniza preferência autenticada com o backend e persiste alterações (9.1s)
  ok 33 [chromium] › e2e\hemodinks.spec.ts:1268:1 › privacidade: mantém escolha personalizada no reload e pede nova decisão após mudança de versão (1.8s)
  ok 34 [chromium] › e2e\hemodinks.spec.ts:1300:1 › privacidade: modal permanece acessível e contido em desktop, notebook, tablet e smartphone (4.1s)
  ok 35 [chromium] › e2e\hemodinks.spec.ts:1333:1 › privacidade: rejeitar opcionais mantém login e links no rodapé autenticado (1.1s)
  ok 36 [chromium] › e2e\hemodinks.spec.ts:1351:1 › privacidade: páginas jurídicas são públicas e responsivas (1.3s)
  ok 37 [chromium] › e2e\hemodinks.spec.ts:1395:1 › tutorial de relatórios usa somente alvos data-tour existentes e conclui após as ações (4.1s)
  ok 38 [chromium] › e2e\hemodinks.spec.ts:1448:1 › tutorial valida MP3, preferência persistente e navegação por teclado (3.7s)
[browser console] Failed to load resource: net::ERR_FAILED
[browser console] Failed to load resource: net::ERR_FAILED
  ok 39 [chromium] › e2e\hemodinks.spec.ts:1524:1 › tutorial usa Web Speech apenas como fallback quando o MP3 falha (1.9s)
  ok 40 [chromium] › e2e\hemodinks.spec.ts:1545:1 › tutorial respeita prefers-reduced-motion (2.0s)
  ok 41 [chromium] › e2e\hemodinks.spec.ts:1559:1 › tutorial permite voltar, repetir narração e sair sem executar ações pelo usuário (2.7s)
  ok 42 [chromium] › e2e\hemodinks.spec.ts:1576:1 › tutorial encerra de forma amigável quando um alvo não existe (2.1s)
  ok 43 [chromium] › e2e\hemodinks.spec.ts:1590:1 › tutorial de relatórios funciona em desktop e mobile e respeita o perfil (5.2s)
  -  44 [chromium] › e2e\hemodinks.spec.ts:1618:1 › grava tutorial local de relatórios com dados sanitizados
  -  45 [chromium] › e2e\hemodinks.spec.ts:1693:3 › grava biblioteca sanitizada: login-clinic
  -  46 [chromium] › e2e\hemodinks.spec.ts:1693:3 › grava biblioteca sanitizada: clinic-registration
  -  47 [chromium] › e2e\hemodinks.spec.ts:1693:3 › grava biblioteca sanitizada: team-identification
  -  48 [chromium] › e2e\hemodinks.spec.ts:1693:3 › grava biblioteca sanitizada: patient-registration
  -  49 [chromium] › e2e\hemodinks.spec.ts:1693:3 › grava biblioteca sanitizada: surgery-registration
  -  50 [chromium] › e2e\hemodinks.spec.ts:1693:3 › grava biblioteca sanitizada: billing-management
  -  51 [chromium] › e2e\hemodinks.spec.ts:1693:3 › grava biblioteca sanitizada: report-export
  -  52 [chromium] › e2e\hemodinks.spec.ts:1693:3 › grava biblioteca sanitizada: full-text-search
  -  53 [chromium] › e2e\hemodinks.spec.ts:1693:3 › grava biblioteca sanitizada: user-access
  -  54 [chromium] › e2e\hemodinks.spec.ts:1693:3 › grava biblioteca sanitizada: clinic-switch
  -  55 [chromium] › e2e\hemodinks.spec.ts:1693:3 › grava biblioteca sanitizada: agenda-notifications
[browser console] Failed to load resource: the server responded with a status of 503 (Service Unavailable)
  ok 56 [chromium] › e2e\hemodinks.spec.ts:1743:1 › login preparation: aguarda clínicas antes de pedir credenciais e recupera de falha transitória (7.0s)
[browser console] Failed to load resource: the server responded with a status of 403 (Forbidden)
  ok 57 [chromium] › e2e\hemodinks.spec.ts:1779:1 › login preparation: falha mantém formulário fechado e permite tentar novamente (736ms)
  ok 58 [chromium] › e2e\hemodinks.spec.ts:1791:1 › login wait: explica demora e permite cancelar sem abrir sessão tardia (1.5s)
[browser console] Failed to load resource: the server responded with a status of 503 (Service Unavailable)
  ok 59 [chromium] › e2e\hemodinks.spec.ts:1817:1 › login wait: indisponibilidade permite nova tentativa manual (1.2s)
  ok 60 [chromium] › e2e\hemodinks.spec.ts:1829:1 › bootstrap: API lenta informa a operação real e retry cancela a tentativa anterior (1.3s)
  ok 61 [chromium] › e2e\hemodinks.spec.ts:1860:1 › bootstrap: timeout termina o loading e permite recuperação (1.4s)
[browser console] Failed to load resource: the server responded with a status of 503 (Service Unavailable)
  ok 62 [chromium] › e2e\hemodinks.spec.ts:1878:3 › bootstrap: falha 503 não expõe detalhes e permite retry (1.1s)
[browser console] Failed to load resource: the server responded with a status of 500 (Internal Server Error)
  ok 63 [chromium] › e2e\hemodinks.spec.ts:1878:3 › bootstrap: falha 500 não expõe detalhes e permite retry (1.0s)
[browser console] Failed to load resource: the server responded with a status of 401 (Unauthorized)
  ok 64 [chromium] › e2e\hemodinks.spec.ts:1891:3 › bootstrap: validação 401 bloqueia dados operacionais e preserva contexto (1.1s)
[browser console] Failed to load resource: the server responded with a status of 403 (Forbidden)
  ok 65 [chromium] › e2e\hemodinks.spec.ts:1891:3 › bootstrap: validação 403 bloqueia dados operacionais e preserva contexto (863ms)
[browser console] Failed to load resource: the server responded with a status of 400 (Bad Request)
  ok 66 [chromium] › e2e\hemodinks.spec.ts:1891:3 › bootstrap: validação 400 bloqueia dados operacionais e preserva contexto (968ms)
  ok 67 [chromium] › e2e\hemodinks.spec.ts:1916:1 › bootstrap: clínica autorizada só carrega dados após validação e mantém tenant (1.0s)
  ok 68 [chromium] › e2e\hemodinks.spec.ts:1943:3 › bootstrap: preserva rotas e permissões de Administrador (1.4s)
  ok 69 [chromium] › e2e\hemodinks.spec.ts:1943:3 › bootstrap: preserva rotas e permissões de SuperAdministrador (1.4s)
  ok 70 [chromium] › e2e\hemodinks.spec.ts:1943:3 › bootstrap: preserva rotas e permissões de Pacientes (1.6s)
  ok 71 [chromium] › e2e\hemodinks.spec.ts:1943:3 › bootstrap: preserva rotas e permissões de Medicos (1.6s)
  ok 72 [chromium] › e2e\hemodinks.spec.ts:1943:3 › bootstrap: preserva rotas e permissões de Controller (2.1s)
  ok 73 [chromium] › e2e\hemodinks.spec.ts:1943:3 › bootstrap: preserva rotas e permissões de Equipe (1.6s)
  ok 74 [chromium] › e2e\hemodinks.spec.ts:1956:3 › bootstrap: acessibilidade do loading em 390px e tema light (1.4s)
  ok 75 [chromium] › e2e\hemodinks.spec.ts:1956:3 › bootstrap: acessibilidade do loading em 1280px e tema dark (1.9s)
[browser console] Failed to load resource: the server responded with a status of 403 (Forbidden)
  ok 76 [chromium] › e2e\hemodinks.spec.ts:1976:1 › bootstrap: nova sessão sem acesso não reutiliza dados da clínica anterior (2.4s)
  ok 77 [chromium] › e2e\hemodinks.spec.ts:2005:1 › dashboard operacional preserva fundo, tema e navegação nas larguras solicitadas (11.6s)
  x  78 [chromium] › e2e\hemodinks.spec.ts:2064:1 › transparência é consistente entre módulos e controles de ação (708ms)


  1) [chromium] › e2e\hemodinks.spec.ts:2064:1 › transparência é consistente entre módulos e controles de ação 

    Error: [2mexpect([22m[31mreceived[39m[2m).[22mtoBeGreaterThan[2m([22m[32mexpected[39m[2m)[22m

    Expected: > [32m0[39m
    Received:   [31m0[39m

      2067 |   async function expectAlpha(selector: string, alpha: string) {
      2068 |     const elements = page.locator(selector);
    > 2069 |     expect(await elements.count()).toBeGreaterThan(0);
           |                                    ^
      2070 |     for (const element of await elements.all()) {
      2071 |       if (!await element.isVisible()) continue;
      2072 |       const style = await element.evaluate(el => ({ background: getComputedStyle(el).backgroundColor, opacity: getComputedStyle(el).opacity }));
        at expectAlpha (C:\George Marcone\GitHub\personal\HEMODINKS\hemodinks-front\e2e\hemodinks.spec.ts:2069:36)
        at C:\George Marcone\GitHub\personal\HEMODINKS\hemodinks-front\e2e\hemodinks.spec.ts:2077:3

    Error Context: test-results\hemodinks-transparência-é--56782-módulos-e-controles-de-ação-chromium\error-context.md

  1 failed
    [chromium] › e2e\hemodinks.spec.ts:2064:1 › transparência é consistente entre módulos e controles de ação 
  23 skipped
  54 passed (2.8m)
