
> hemodinks-front@0.1.0 prebuild
> node scripts/write-otel-runtime-config.mjs


> hemodinks-front@0.1.0 build
> tsc -b && vite build

vite v7.3.6 building client environment for production...
transforming...
✓ 3111 modules transformed.
rendering chunks...
[plugin vite:reporter] 
(!) C:/George Marcone/GitHub/personal/HEMODINKS/hemodinks-front/src/observability.ts is dynamically imported by C:/George Marcone/GitHub/personal/HEMODINKS/hemodinks-front/src/features/privacy/analyticsConsent.ts, C:/George Marcone/GitHub/personal/HEMODINKS/hemodinks-front/src/features/privacy/analyticsConsent.ts but also statically imported by C:/George Marcone/GitHub/personal/HEMODINKS/hemodinks-front/src/shared/components/ErrorBoundary.tsx, dynamic import will not move module into another chunk.

computing gzip size...
dist/index.html                                                  0.75 kB │ gzip:   0.35 kB
dist/assets/comfortaa-vietnamese-wght-normal-BegpjMof.woff2      9.66 kB
dist/assets/comfortaa-greek-wght-normal-C_9s1t5x.woff2          13.22 kB
dist/assets/comfortaa-cyrillic-ext-wght-normal-Bbyo-ZHz.woff2   15.44 kB
dist/assets/comfortaa-cyrillic-wght-normal-D14l-6cu.woff2       18.45 kB
dist/assets/comfortaa-latin-ext-wght-normal-CYL25BRH.woff2      24.58 kB
dist/assets/comfortaa-latin-wght-normal-CLB3k12Y.woff2          30.87 kB
dist/assets/imagem hemodinks github-DAy_-9Tw.jpg                69.28 kB
dist/assets/MedicalGroupsPage-CJzA6MFB.css                       1.42 kB │ gzip:   0.53 kB
dist/assets/TutorialsPage-Cv_okHmh.css                           2.26 kB │ gzip:   0.75 kB
dist/assets/ReportsPage-D-s-KKGu.css                             4.35 kB │ gzip:   1.01 kB
dist/assets/UsersPage-DTQe1sEJ.css                               5.77 kB │ gzip:   1.48 kB
dist/assets/tutorial-runtime-CeOmB-A0.css                        5.91 kB │ gzip:   1.72 kB
dist/assets/OptionsPage-iH-KsSoE.css                             6.49 kB │ gzip:   1.67 kB
dist/assets/ClinicsPage-BCdsO6Yo.css                             7.52 kB │ gzip:   1.85 kB
dist/assets/AgendaPage-LUW4kW-L.css                             10.53 kB │ gzip:   2.16 kB
dist/assets/patients-D2R0ZM6C.css                               16.18 kB │ gzip:   3.06 kB
dist/assets/billingUtils-BURqGL9j.css                           38.22 kB │ gzip:   6.61 kB
dist/assets/index-Bh4YVq40.css                                  75.04 kB │ gzip:  14.72 kB
dist/assets/iframe-PalxAwQ_.js                                   0.06 kB │ gzip:   0.08 kB
dist/assets/type-check-BVQCr-HH.js                               0.07 kB │ gzip:   0.08 kB
dist/assets/chevron-left-CLTDsGhK.js                             0.13 kB │ gzip:   0.14 kB
dist/assets/plus-qGbeiIrm.js                                     0.15 kB │ gzip:   0.15 kB
dist/assets/clock-3-D9jKoo_n.js                                  0.17 kB │ gzip:   0.17 kB
dist/assets/traverse-eGeoT8Mx.js                                 0.19 kB │ gzip:   0.17 kB
dist/assets/carousel-CQ3wFu8G.js                                 0.21 kB │ gzip:   0.19 kB
dist/assets/download-DDQQ58i7.js                                 0.23 kB │ gzip:   0.19 kB
dist/assets/refresh-cw-Cf90-2C4.js                               0.32 kB │ gzip:   0.23 kB
dist/assets/save-CO46TGKj.js                                     0.33 kB │ gzip:   0.23 kB
dist/assets/load-time-DcNCYYkV.js                                0.33 kB │ gzip:   0.26 kB
dist/assets/panels-xJ1m5aEi.js                                   0.33 kB │ gzip:   0.20 kB
dist/assets/message-square-text-CvR1VI__.js                      0.35 kB │ gzip:   0.24 kB
dist/assets/file-up-BKpswqM6.js                                  0.35 kB │ gzip:   0.25 kB
dist/assets/image-plus-DiBBYszt.js                               0.36 kB │ gzip:   0.25 kB
dist/assets/SortableTableHeader-DPH21dzm.js                      0.43 kB │ gzip:   0.31 kB
dist/assets/timer--QM2LZfv.js                                    0.50 kB │ gzip:   0.27 kB
dist/assets/event-origin-Bb7irpQQ.js                             0.53 kB │ gzip:   0.34 kB
dist/assets/SecureFileDownloadButton-CKbFUvZz.js                 0.53 kB │ gzip:   0.39 kB
dist/assets/PasswordModal-DQ1h55of.js                            0.67 kB │ gzip:   0.38 kB
dist/assets/DateInput-DWZboXjc.js                                0.86 kB │ gzip:   0.48 kB
dist/assets/bel-serializer-Dt0TpeKY.js                           0.88 kB │ gzip:   0.53 kB
dist/assets/nav-timing-CHjjxeJZ.js                               1.02 kB │ gzip:   0.54 kB
dist/assets/stylesheet-evaluator-PuKlBj2m.js                     1.09 kB │ gzip:   0.51 kB
dist/assets/event-buffer-DMFm6P9h.js                             1.24 kB │ gzip:   0.58 kB
dist/assets/NotificationsModal-BvknizsF.js                       2.27 kB │ gzip:   0.93 kB
dist/assets/index-DbNwGcD4.js                                    3.45 kB │ gzip:   1.52 kB
dist/assets/index-DjAfhu_N.js                                    4.05 kB │ gzip:   1.77 kB
dist/assets/index-LnIiNK8D.js                                    4.14 kB │ gzip:   1.89 kB
dist/assets/PatientObservacoesModal-EGcGoRtz.js                  4.19 kB │ gzip:   1.64 kB
dist/assets/CbhpmLookupModal-C-JkMPn1.js                         4.47 kB │ gzip:   1.67 kB
dist/assets/PatientModals-CIdf0gRm.js                            4.60 kB │ gzip:   1.33 kB
dist/assets/TutorialsPage-CcncHYPv.js                            4.82 kB │ gzip:   1.86 kB
dist/assets/patientFormExporter-BLkrEZBn.js                      5.23 kB │ gzip:   2.07 kB
dist/assets/ui-DFa8eP5p.js                                       5.39 kB │ gzip:   1.98 kB
dist/assets/index-DumCv0Vh.js                                    5.78 kB │ gzip:   2.43 kB
dist/assets/index-lvKzuAeZ.js                                    6.69 kB │ gzip:   2.91 kB
dist/assets/agent-session-CvdNVDd2.js                            6.84 kB │ gzip:   2.55 kB
dist/assets/index-C6iE55qU.js                                    7.02 kB │ gzip:   2.32 kB
dist/assets/MedicalGroupsPage-DQoLJIUx.js                        7.53 kB │ gzip:   2.40 kB
dist/assets/index-Cl60tS7A.js                                    7.73 kB │ gzip:   2.80 kB
dist/assets/index-CMHDgh1U.js                                    8.18 kB │ gzip:   2.92 kB
dist/assets/OptionsPage-D1nYbRrJ.js                              8.66 kB │ gzip:   2.86 kB
dist/assets/index-Disy9HOe.js                                    9.71 kB │ gzip:   3.56 kB
dist/assets/index-Da1NPJH2.js                                   11.09 kB │ gzip:   3.63 kB
dist/assets/aggregate-base-DyE3A4P4.js                          11.59 kB │ gzip:   4.62 kB
dist/assets/webdriver-detection-HvXOYEf2.js                     12.81 kB │ gzip:   4.62 kB
dist/assets/BillingPage-DQedXSkZ.js                             17.39 kB │ gzip:   5.00 kB
dist/assets/UsersPage-DKvC3WFf.js                               18.01 kB │ gzip:   5.99 kB
dist/assets/AgendaPage-SWF9A3QA.js                              18.14 kB │ gzip:   5.72 kB
dist/assets/billingUtils-DjHsEtX2.js                            20.87 kB │ gzip:   5.83 kB
dist/assets/ReportsPage-CI8IlLoF.js                             22.07 kB │ gzip:   7.31 kB
dist/assets/PatientsPage-AxQ8Chc_.js                            24.11 kB │ gzip:   6.60 kB
dist/assets/BillingHistoryPage-DFFo-8Yn.js                      28.12 kB │ gzip:   7.84 kB
dist/assets/purify.es-4eNOHKSq.js                               28.74 kB │ gzip:  11.02 kB
dist/assets/ClinicsPage-DDnodxqA.js                             29.64 kB │ gzip:   9.13 kB
dist/assets/jspdf.plugin.autotable-B0IxatYY.js                  31.04 kB │ gzip:   9.90 kB
dist/assets/browser-CXh1ITwj.js                                 31.80 kB │ gzip:  12.20 kB
dist/assets/query-vendor-BsxISGDY.js                            35.91 kB │ gzip:  10.61 kB
dist/assets/tutorial-runtime-BBLfLUC8.js                        57.47 kB │ gzip:  17.28 kB
dist/assets/newRelic-be_2hIQF.js                                62.27 kB │ gzip:  22.51 kB
dist/assets/otel-ri0-cjCb.js                                    75.77 kB │ gzip:  24.40 kB
dist/assets/index.es-C1e9vRUi.js                               158.94 kB │ gzip:  53.10 kB
dist/assets/recorder-BLGittKK.js                               185.56 kB │ gzip:  58.91 kB
dist/assets/html2canvas.esm-DXEQVQnt.js                        201.04 kB │ gzip:  47.43 kB
dist/assets/react-vendor-B8QIa9gj.js                           230.39 kB │ gzip:  73.94 kB
dist/assets/index-BymwltMj.js                                  289.01 kB │ gzip:  89.09 kB
dist/assets/jspdf.es.min-DF8oeQNk.js                           386.16 kB │ gzip: 126.40 kB
dist/assets/observability-BvyclaTa.js                          481.07 kB │ gzip: 159.52 kB
✓ built in 18.26s
